// Vitest Snapshot v1

exports[`renders correctly with no pets 1`] = `
<DocumentFragment>
  <div
    class="grid grid-cols-1 gap-4 sm:grid-cols-2 lg:grid-cols-3"
  >
    <div
      class="flex h-screen w-screen items-center justify-center"
    >
      <h2
        class="spin text-8xl"
      >
        🐶
      </h2>
    </div>
  </div>
</DocumentFragment>
`;
